[www.healthcaredms.com/index.html]
[backblue.gif]
[fade.gif]
[index.html]
[cdn.openviowebsites.com/source/sites/cb9be165-52e4-4095-805e-bd230f69c5bc/css/bootstrap.mina938.css]
[cdn.openviowebsites.com/source/sites/cb9be165-52e4-4095-805e-bd230f69c5bc/css/fontawesome.min8934.css]
[cdn.openviowebsites.com/source/sites/cb9be165-52e4-4095-805e-bd230f69c5bc/css/owl.carousel.mind730.css]
[cdn.openviowebsites.com/source/sites/cb9be165-52e4-4095-805e-bd230f69c5bc/css/header9283.css]
[cdn.openviowebsites.com/source/sites/cb9be165-52e4-4095-805e-bd230f69c5bc/css/stylec9f4.css]
[cdn.openviowebsites.com/source/sites/cb9be165-52e4-4095-805e-bd230f69c5bc/css/innerdb08.css]
[cdn.openviowebsites.com/source/loader-circle.gif]
[www.healthcaredms.com/about-us.html]
[www.healthcaredms.com/about-us/our-team.html]
[www.healthcaredms.com/healthcare-seo-agency.html]
[www.healthcaredms.com/healthcare-ppc.html]
[www.healthcaredms.com/website-design-and-development.html]
[www.healthcaredms.com/reputation-management.html]
[www.healthcaredms.com/social-media-marketing.html]
[www.healthcaredms.com/doctors.html]
[www.healthcaredms.com/digital-marketing-for-dentist.html]
[www.healthcaredms.com/hospital-marketing-agency.html]
[www.healthcaredms.com/plastic-surgery-marketing.html]
[www.healthcaredms.com/chiropractic-digital-marketing.html]
[www.healthcaredms.com/orthopedic-marketing.html]
[www.healthcaredms.com/ivf-digital-marketing.html]
[www.healthcaredms.com/ophthalmology-marketing.html]
[www.healthcaredms.com/cardiology-practice-marketing.html]
[www.healthcaredms.com/blog.html]
[www.healthcaredms.com/case-studies.html]
[www.healthcaredms.com/contact-us.html]
[cdn.openviowebsites.com/source/sites/cb9be165-52e4-4095-805e-bd230f69c5bc/images/dr-allahbadia.jpg]
[cdn.openviowebsites.com/source/sites/cb9be165-52e4-4095-805e-bd230f69c5bc/images/dr-lav.jpg]
[cdn.openviowebsites.com/source/sites/cb9be165-52e4-4095-805e-bd230f69c5bc/images/personalized-healthcaredms-thumb1.png]
[cdn.openviowebsites.com/source/sites/cb9be165-52e4-4095-805e-bd230f69c5bc/images/815c4ffe-4f12-4e53-8d9a-7122578b3fc1-who-whoose-healthcare-dms-thumb.png]
[cdn.openviowebsites.com/source/sites/cb9be165-52e4-4095-805e-bd230f69c5bc/images/reputation-management-solution-icon1.png]
[cdn.openviowebsites.com/source/sites/cb9be165-52e4-4095-805e-bd230f69c5bc/images/dedicated-account-manager-icon.png]
[cdn.openviowebsites.com/source/sites/cb9be165-52e4-4095-805e-bd230f69c5bc/images/netralayam-logo.png]
[cdn.openviowebsites.com/source/sites/cb9be165-52e4-4095-805e-bd230f69c5bc/images/rotunda-logo.png]
[cdn.openviowebsites.com/source/sites/cb9be165-52e4-4095-805e-bd230f69c5bc/images/vardhan-logo.png]
[cdn.openviowebsites.com/source/sites/cb9be165-52e4-4095-805e-bd230f69c5bc/images/meeraz-clinic.png]
[cdn.openviowebsites.com/source/sites/cb9be165-52e4-4095-805e-bd230f69c5bc/images/nexen-healthcare.png]
[cdn.openviowebsites.com/source/sites/cb9be165-52e4-4095-805e-bd230f69c5bc/images/aslife-log.png]
[cdn.openviowebsites.com/source/sites/cb9be165-52e4-4095-805e-bd230f69c5bc/images/goral-gandhi-logo.png]
[cdn.openviowebsites.com/source/sites/cb9be165-52e4-4095-805e-bd230f69c5bc/images/nephrocare-logo.png]
[cdn.openviowebsites.com/source/sites/cb9be165-52e4-4095-805e-bd230f69c5bc/images/soodesthetics-logo.png]
[cdn.openviowebsites.com/source/sites/cb9be165-52e4-4095-805e-bd230f69c5bc/images/krishna-medical-logo.png]
[cdn.openviowebsites.com/source/sites/cb9be165-52e4-4095-805e-bd230f69c5bc/images/seo-icon.png]
[cdn.openviowebsites.com/source/sites/cb9be165-52e4-4095-805e-bd230f69c5bc/images/paid-search-advertising-icon.png]
[cdn.openviowebsites.com/source/sites/cb9be165-52e4-4095-805e-bd230f69c5bc/images/website-design-and-development-icon.png]
[cdn.openviowebsites.com/source/sites/cb9be165-52e4-4095-805e-bd230f69c5bc/images/social-media-video-marketing-icon.png]
[cdn.openviowebsites.com/source/sites/cb9be165-52e4-4095-805e-bd230f69c5bc/images/marketing-automation-icon.png]
[www.healthcaredms.com/netralayam-achieves-optimum-patient-acquisition-with-healthcaredms.html]
[cdn.openviowebsites.com/source/sites/cb9be165-52e4-4095-805e-bd230f69c5bc/images/case-study-section-thumb.jpg]
[cdn.openviowebsites.com/source/sites/cb9be165-52e4-4095-805e-bd230f69c5bc/images/ama.jpg]
[cdn.openviowebsites.com/source/sites/cb9be165-52e4-4095-805e-bd230f69c5bc/images/digital-health.jpg]
[cdn.openviowebsites.com/source/sites/cb9be165-52e4-4095-805e-bd230f69c5bc/images/diy.jpg]
[cdn.openviowebsites.com/source/sites/cb9be165-52e4-4095-805e-bd230f69c5bc/images/industry.jpg]
[cdn.openviowebsites.com/source/sites/cb9be165-52e4-4095-805e-bd230f69c5bc/images/designrush-logo.png]
[cdn.openviowebsites.com/source/sites/cb9be165-52e4-4095-805e-bd230f69c5bc/images/accredited-agency.png]
[www.healthcaredms.com/sitemap.html]
[www.healthcaredms.com/healthcare-digital-marketing-agency-in-hyderabad.html]
[www.healthcaredms.com/privacy-policy.html]
[www.healthcaredms.com/terms-and-condition.html]
[cdn.openviowebsites.com/source/sites/cb9be165-52e4-4095-805e-bd230f69c5bc/js/jquery-2.2.1.minef4a.js]
[cdn.openviowebsites.com/source/sites/cb9be165-52e4-4095-805e-bd230f69c5bc/js/bootstrap.min07be.js]
[cdn.openviowebsites.com/source/sites/cb9be165-52e4-4095-805e-bd230f69c5bc/js/owl.carousel.minef64.js]
[cdn.openviowebsites.com/source/sites/cb9be165-52e4-4095-805e-bd230f69c5bc/js/webp3ccb.js]
[cdn.openviowebsites.com/source/sites/cb9be165-52e4-4095-805e-bd230f69c5bc/js/common35d9.js]
[cdnjs.cloudflare.com/ajax/libs/jquery-validate/1.19.3/jquery.validate.min.js]
[cdnjs.cloudflare.com/ajax/libs/jquery-validation-unobtrusive/3.2.12/jquery.validate.unobtrusive.min.js]
[cdnjs.cloudflare.com/ajax/libs/jquery.maskedinput/1.4.1/jquery.maskedinput.min.js]
[cdn.openviowebsites.com/source/sites/cb9be165-52e4-4095-805e-bd230f69c5bc/js/contact-us-footer-form-validation82e5.js]
[cdn.openviowebsites.com/source/sites/cb9be165-52e4-4095-805e-bd230f69c5bc/js/recent-blog8a14.js]
[www.google.com/recaptcha/api.js]
[www.healthcaredms.com/index.html]
[cdn.openviowebsites.com/source/sites/cb9be165-52e4-4095-805e-bd230f69c5bc/css/bootstrap.mina938.css]
[cdn.openviowebsites.com/source/sites/cb9be165-52e4-4095-805e-bd230f69c5bc/css/fontawesome.min8934.css]
[cdn.openviowebsites.com/source/sites/cb9be165-52e4-4095-805e-bd230f69c5bc/css/owl.carousel.mind730.css]
[cdn.openviowebsites.com/source/sites/cb9be165-52e4-4095-805e-bd230f69c5bc/css/header9283.css]
[cdn.openviowebsites.com/source/sites/cb9be165-52e4-4095-805e-bd230f69c5bc/css/stylec9f4.css]
[cdn.openviowebsites.com/source/sites/cb9be165-52e4-4095-805e-bd230f69c5bc/images/helthcare-icon.png]
[cdn.openviowebsites.com/source/sites/cb9be165-52e4-4095-805e-bd230f69c5bc/images/banner-vector.png]
[cdn.openviowebsites.com/source/sites/cb9be165-52e4-4095-805e-bd230f69c5bc/css/innerdb08.css]
[www.googletagmanager.com/gtm5445.html]
[cdn.openviowebsites.com/source/sites/cb9be165-52e4-4095-805e-bd230f69c5bc/images/char-minar.png]
[www.healthcaredms.com/themes/healthcare-dms/images/about-banner.webp]
[cdn.openviowebsites.com/source/sites/cb9be165-52e4-4095-805e-bd230f69c5bc/images/about-us-inner-thumb.jpg]
[cdn.openviowebsites.com/source/sites/cb9be165-52e4-4095-805e-bd230f69c5bc/images/ajay-prasad-thumb.jpg]
[www.healthcaredms.com/about-us.html]
[cdn.openviowebsites.com/source/sites/cb9be165-52e4-4095-805e-bd230f69c5bc/images/exceeding-your-expectations-thumb.jpg]
[cdn.openviowebsites.com/source/sites/cb9be165-52e4-4095-805e-bd230f69c5bc/images/amit-prasad.jpg]
[cdn.openviowebsites.com/source/sites/cb9be165-52e4-4095-805e-bd230f69c5bc/images/sangeeta-kumar-thumb.jpg]
[cdn.openviowebsites.com/source/sites/cb9be165-52e4-4095-805e-bd230f69c5bc/images/sonu-sharma.jpg]
[cdn.openviowebsites.com/source/sites/cb9be165-52e4-4095-805e-bd230f69c5bc/images/amarjeet-kr-sudhanshoo.jpg]
[cdn.openviowebsites.com/source/sites/cb9be165-52e4-4095-805e-bd230f69c5bc/images/ramesh-kumar.jpg]
[cdn.openviowebsites.com/source/sites/cb9be165-52e4-4095-805e-bd230f69c5bc/images/rahul-anand.jpg]
[cdn.openviowebsites.com/source/sites/cb9be165-52e4-4095-805e-bd230f69c5bc/images/nayan.jpg]
[cdn.openviowebsites.com/source/sites/cb9be165-52e4-4095-805e-bd230f69c5bc/images/vishal-kumar-dp.jpg]
[cdn.openviowebsites.com/source/sites/cb9be165-52e4-4095-805e-bd230f69c5bc/images/ram-thakur.jpg]
[cdn.openviowebsites.com/source/sites/cb9be165-52e4-4095-805e-bd230f69c5bc/images/vipul.jpg]
[cdn.openviowebsites.com/source/sites/cb9be165-52e4-4095-805e-bd230f69c5bc/images/kirti-bala.jpg]
[cdn.openviowebsites.com/source/sites/cb9be165-52e4-4095-805e-bd230f69c5bc/images/rakesh-nandan.jpg]
[cdn.openviowebsites.com/source/sites/cb9be165-52e4-4095-805e-bd230f69c5bc/images/ratnesh-kr-sinha.jpg]
[cdn.openviowebsites.com/source/sites/cb9be165-52e4-4095-805e-bd230f69c5bc/images/tarannum-fatma.jpg]
[cdn.openviowebsites.com/source/sites/cb9be165-52e4-4095-805e-bd230f69c5bc/images/deepak-kumar.jpg]
[cdn.openviowebsites.com/source/sites/cb9be165-52e4-4095-805e-bd230f69c5bc/images/anand.jpg]
[cdn.openviowebsites.com/source/sites/cb9be165-52e4-4095-805e-bd230f69c5bc/images/sanchita.jpg]
[cdn.openviowebsites.com/source/sites/cb9be165-52e4-4095-805e-bd230f69c5bc/images/saurav-kumar.jpg]
[cdn.openviowebsites.com/source/sites/cb9be165-52e4-4095-805e-bd230f69c5bc/images/ritu-kumari.jpg]
[www.healthcaredms.com/about-us/our-team.html]
[cdn.openviowebsites.com/source/sites/cb9be165-52e4-4095-805e-bd230f69c5bc/images/aagastya.jpg]
[cdn.openviowebsites.com/source/sites/cb9be165-52e4-4095-805e-bd230f69c5bc/images/af2b96e1-2da5-4af8-8933-b9e3618952c2_who-whoose-healthcare-dms-thumb.png]
[cdn.openviowebsites.com/source/sites/cb9be165-52e4-4095-805e-bd230f69c5bc/images/case-study1-bg.jpg]
[cdn.openviowebsites.com/source/sites/cb9be165-52e4-4095-805e-bd230f69c5bc/images/case-study2-bg.jpg]
[www.healthcaredms.com/healthcare-seo-agency.html]
[cdn.openviowebsites.com/source/sites/cb9be165-52e4-4095-805e-bd230f69c5bc/images/case-study3-bg.jpg]
[www.healthcaredms.com/themes/healthcare-dms/images/ppc-banner.webp]
[cdn.openviowebsites.com/source/sites/cb9be165-52e4-4095-805e-bd230f69c5bc/images/paid-advertistment-healthcare.jpg]
[cdn.openviowebsites.com/source/sites/cb9be165-52e4-4095-805e-bd230f69c5bc/images/google.png]
[cdn.openviowebsites.com/source/sites/cb9be165-52e4-4095-805e-bd230f69c5bc/images/google-shoping.png]
[cdn.openviowebsites.com/source/sites/cb9be165-52e4-4095-805e-bd230f69c5bc/images/bing.png]
[cdn.openviowebsites.com/source/sites/cb9be165-52e4-4095-805e-bd230f69c5bc/images/youtube.png]
[cdn.openviowebsites.com/source/sites/cb9be165-52e4-4095-805e-bd230f69c5bc/images/facebook.png]
[cdn.openviowebsites.com/source/sites/cb9be165-52e4-4095-805e-bd230f69c5bc/images/instagram.png]
[cdn.openviowebsites.com/source/sites/cb9be165-52e4-4095-805e-bd230f69c5bc/images/linkedin.png]
[cdn.openviowebsites.com/source/sites/cb9be165-52e4-4095-805e-bd230f69c5bc/images/twitter.png]
[cdn.openviowebsites.com/source/sites/cb9be165-52e4-4095-805e-bd230f69c5bc/images/seo.jpg]
[cdn.openviowebsites.com/source/sites/cb9be165-52e4-4095-805e-bd230f69c5bc/images/drive-traffic.png]
[cdn.openviowebsites.com/source/sites/cb9be165-52e4-4095-805e-bd230f69c5bc/images/cost-effective.png]
[cdn.openviowebsites.com/source/sites/cb9be165-52e4-4095-805e-bd230f69c5bc/images/flexibility.png]
[cdn.openviowebsites.com/source/sites/cb9be165-52e4-4095-805e-bd230f69c5bc/images/extensive-keyword-research.png]
[cdn.openviowebsites.com/source/sites/cb9be165-52e4-4095-805e-bd230f69c5bc/images/effective-ad-copies.png]
[cdn.openviowebsites.com/source/sites/cb9be165-52e4-4095-805e-bd230f69c5bc/images/landing-page-optimization.png]
[cdn.openviowebsites.com/source/sites/cb9be165-52e4-4095-805e-bd230f69c5bc/images/ppc-strategies.png]
[cdn.openviowebsites.com/source/sites/cb9be165-52e4-4095-805e-bd230f69c5bc/images/transparent-reports.png]
[cdn.openviowebsites.com/source/sites/cb9be165-52e4-4095-805e-bd230f69c5bc/images/dental-clinics-dentists.jpg]
[cdn.openviowebsites.com/source/sites/cb9be165-52e4-4095-805e-bd230f69c5bc/images/hostipal.jpg]
[www.healthcaredms.com/healthcare-ppc.html]
[cdn.openviowebsites.com/source/sites/cb9be165-52e4-4095-805e-bd230f69c5bc/images/doctors-physicians.jpg]
[www.healthcaredms.com/themes/healthcare-dms/images/website-design-and-development-banner.webp]
[cdn.openviowebsites.com/source/sites/cb9be165-52e4-4095-805e-bd230f69c5bc/images/drarjunreddy-thumb.jpg]
[cdn.openviowebsites.com/source/sites/cb9be165-52e4-4095-805e-bd230f69c5bc/images/vardhanayurveda-thumb.jpg]
[cdn.openviowebsites.com/source/sites/cb9be165-52e4-4095-805e-bd230f69c5bc/images/drhemantsaluja-thumb.jpg]
[cdn.openviowebsites.com/source/sites/cb9be165-52e4-4095-805e-bd230f69c5bc/images/flyingdoctorsindia-in-thumb.jpg]
[cdn.openviowebsites.com/source/sites/cb9be165-52e4-4095-805e-bd230f69c5bc/images/website-design-and-development.png]
[cdn.openviowebsites.com/source/sites/cb9be165-52e4-4095-805e-bd230f69c5bc/images/ama-icon.png]
[cdn.openviowebsites.com/source/sites/cb9be165-52e4-4095-805e-bd230f69c5bc/images/digital-health-icon.png]
[cdn.openviowebsites.com/source/sites/cb9be165-52e4-4095-805e-bd230f69c5bc/images/knee-xper-website.jpg]
[cdn.openviowebsites.com/source/sites/cb9be165-52e4-4095-805e-bd230f69c5bc/images/diy-icon.png]
[cdn.openviowebsites.com/source/sites/cb9be165-52e4-4095-805e-bd230f69c5bc/images/industry-icon.png]
[cdn.openviowebsites.com/source/sites/cb9be165-52e4-4095-805e-bd230f69c5bc/images/hospital-icon.png]
[cdn.openviowebsites.com/source/sites/cb9be165-52e4-4095-805e-bd230f69c5bc/images/ivf-icon.png]
[cdn.openviowebsites.com/source/sites/cb9be165-52e4-4095-805e-bd230f69c5bc/images/ophthalmologist-icon.png]
[cdn.openviowebsites.com/source/sites/cb9be165-52e4-4095-805e-bd230f69c5bc/images/cardiologist-icon.png]
[cdn.openviowebsites.com/source/sites/cb9be165-52e4-4095-805e-bd230f69c5bc/images/plastic-surgeons-icon.png]
[cdn.openviowebsites.com/source/sites/cb9be165-52e4-4095-805e-bd230f69c5bc/images/chiropractic-icon.png]
[cdn.openviowebsites.com/source/sites/cb9be165-52e4-4095-805e-bd230f69c5bc/images/orthopedic-icon.png]
[cdn.openviowebsites.com/source/sites/cb9be165-52e4-4095-805e-bd230f69c5bc/images/hcl-healthcare-thumb.jpg]
[cdn.openviowebsites.com/source/sites/cb9be165-52e4-4095-805e-bd230f69c5bc/images/amish-hospital-website-thumb.jpg]
[cdn.openviowebsites.com/source/sites/cb9be165-52e4-4095-805e-bd230f69c5bc/images/rotunda-website-thumb.jpg]
[cdn.openviowebsites.com/source/sites/cb9be165-52e4-4095-805e-bd230f69c5bc/images/madhavi-netralaya-website-thumb.jpg]
[cdn.openviowebsites.com/source/sites/cb9be165-52e4-4095-805e-bd230f69c5bc/images/phe-website-thumb.jpg]
[www.healthcaredms.com/website-design-and-development.html]
[cdn.openviowebsites.com/source/sites/cb9be165-52e4-4095-805e-bd230f69c5bc/images/netralayam-website-thumb.jpg]
[www.healthcaredms.com/themes/healthcare-dms/images/reputation-management-banner.webp]
[www.healthcaredms.com/themes/healthcare-dms/images/testimonial-bg.webp]
[cdn.openviowebsites.com/source/sites/cb9be165-52e4-4095-805e-bd230f69c5bc/images/pillar-healthcare-bg.jpg]
[cdn.openviowebsites.com/source/sites/cb9be165-52e4-4095-805e-bd230f69c5bc/images/need-healthcare-reputation-management-services-thumb.jpg]
[cdn.openviowebsites.com/source/sites/cb9be165-52e4-4095-805e-bd230f69c5bc/images/healthcare-reputation-management-platform-work-thumb.jpg]
[cdn.openviowebsites.com/source/sites/cb9be165-52e4-4095-805e-bd230f69c5bc/images/healthcare-dms-benefits-thumb.jpg]
[www.healthcaredms.com/reputation-management.html]
[cdn.openviowebsites.com/source/sites/cb9be165-52e4-4095-805e-bd230f69c5bc/images/author-profile.jpg]
[www.healthcaredms.com/themes/healthcare-dms/images/social-media-marketing-banner.webp]
[cdn.openviowebsites.com/source/sites/cb9be165-52e4-4095-805e-bd230f69c5bc/images/data-driven-healthcare-social-media-marketing-thumb.jpg]
[cdn.openviowebsites.com/source/sites/cb9be165-52e4-4095-805e-bd230f69c5bc/images/benefits-of-social-media-for-doctors-thumb.jpg]
[cdn.openviowebsites.com/source/sites/cb9be165-52e4-4095-805e-bd230f69c5bc/images/why-do-social-media-work-thumb.jpg]
[www.healthcaredms.com/social-media-marketing.html]
[cdn.openviowebsites.com/source/sites/cb9be165-52e4-4095-805e-bd230f69c5bc/images/why-choose-social-media-services-thumb.jpg]
[cdn.openviowebsites.com/source/sites/cb9be165-52e4-4095-805e-bd230f69c5bc/images/importance-of-digital-marketing-for-doctors-thumb.jpg]
[www.healthcaredms.com/doctors.html]
[cdn.openviowebsites.com/source/sites/cb9be165-52e4-4095-805e-bd230f69c5bc/images/choose-dms-for-digital-marketing-services-thumb.jpg]
[cdn.openviowebsites.com/source/sites/cb9be165-52e4-4095-805e-bd230f69c5bc/images/digital-marketing-for-dentists-in-india-thumb.jpg]
[cdn.openviowebsites.com/source/sites/cb9be165-52e4-4095-805e-bd230f69c5bc/images/our-services-dentist-thumb.jpg]
[cdn.openviowebsites.com/source/sites/cb9be165-52e4-4095-805e-bd230f69c5bc/images/benefits-of-our-digital-marketing-thumb.jpg]
[www.healthcaredms.com/digital-marketing-for-dentist.html]
[cdn.openviowebsites.com/source/sites/cb9be165-52e4-4095-805e-bd230f69c5bc/images/choose-healthcare-dentist-thumb.jpg]
[www.healthcaredms.com/blog/hospital-marketing-ideas-in-india.html]
[cdn.openviowebsites.com/source/sites/cb9be165-52e4-4095-805e-bd230f69c5bc/images/dr-arjun-somireddy-logo.png]
[cdn.openviowebsites.com/source/sites/cb9be165-52e4-4095-805e-bd230f69c5bc/images/patient-centric-website-new.png]
[cdn.openviowebsites.com/source/sites/cb9be165-52e4-4095-805e-bd230f69c5bc/images/search-engine-optimization-new.png]
[cdn.openviowebsites.com/source/sites/cb9be165-52e4-4095-805e-bd230f69c5bc/images/online-reputation-management-new.png]
[www.healthcaredms.com/hospital-marketing-agency.html]
[cdn.openviowebsites.com/source/sites/cb9be165-52e4-4095-805e-bd230f69c5bc/images/social-media-marketing-thumb-new.png]
[cdn.openviowebsites.com/source/sites/cb9be165-52e4-4095-805e-bd230f69c5bc/images/all-inclusive-plastic-surgery-marketing-services-thumb.jpg]
[www.healthcaredms.com/plastic-surgery-marketing.html]
[cdn.openviowebsites.com/source/sites/cb9be165-52e4-4095-805e-bd230f69c5bc/images/choose-healthcare-plastic-surgery-marketing-thumb.jpg]
[cdn.openviowebsites.com/source/sites/cb9be165-52e4-4095-805e-bd230f69c5bc/images/chiropractic-thumb.jpg]
[www.healthcaredms.com/chiropractic-digital-marketing.html]
[cdn.openviowebsites.com/source/sites/cb9be165-52e4-4095-805e-bd230f69c5bc/images/seo-physiotherapists-chiropractic-clinic-thumb.jpg]
[cdn.openviowebsites.com/source/sites/cb9be165-52e4-4095-805e-bd230f69c5bc/images/result-driven-orthopedic-practices-thumb.jpg]
[www.healthcaredms.com/orthopedic-marketing.html]
[cdn.openviowebsites.com/source/sites/cb9be165-52e4-4095-805e-bd230f69c5bc/images/healthcare-for-orthopedic-thumb.jpg]
[cdn.openviowebsites.com/source/sites/cb9be165-52e4-4095-805e-bd230f69c5bc/images/ivf-practice-thumb.png]
[cdn.openviowebsites.com/source/sites/cb9be165-52e4-4095-805e-bd230f69c5bc/images/improved-brand-presence-icon.png]
[cdn.openviowebsites.com/source/sites/cb9be165-52e4-4095-805e-bd230f69c5bc/images/patient-inquiries-icon.png]
[cdn.openviowebsites.com/source/sites/cb9be165-52e4-4095-805e-bd230f69c5bc/images/practice-reputation-icon.png]
[cdn.openviowebsites.com/source/sites/cb9be165-52e4-4095-805e-bd230f69c5bc/images/increased-revenue-icon.png]
[cdn.openviowebsites.com/source/sites/cb9be165-52e4-4095-805e-bd230f69c5bc/images/measurable-expenditure-icon.png]
[cdn.openviowebsites.com/source/sites/cb9be165-52e4-4095-805e-bd230f69c5bc/images/nanditapalshetkar-website-thumb.jpg]
[www.healthcaredms.com/ivf-digital-marketing.html]
[cdn.openviowebsites.com/source/sites/cb9be165-52e4-4095-805e-bd230f69c5bc/images/ophthalmology-hospital-thumb.png]
[cdn.openviowebsites.com/source/sites/cb9be165-52e4-4095-805e-bd230f69c5bc/images/north-atlanta-website-thumb.jpg]
[cdn.openviowebsites.com/source/sites/cb9be165-52e4-4095-805e-bd230f69c5bc/images/reputation-management-icon.png]
[www.healthcaredms.com/ophthalmology-marketing.html]
[cdn.openviowebsites.com/source/sites/cb9be165-52e4-4095-805e-bd230f69c5bc/images/ophthalmology-healthcaredms-thumb.png]
[cdn.openviowebsites.com/source/sites/cb9be165-52e4-4095-805e-bd230f69c5bc/images/cardiology-marketing-plan-thumb.png]
[www.healthcaredms.com/cardiology-practice-marketing.html]
[cdn.openviowebsites.com/source/sites/cb9be165-52e4-4095-805e-bd230f69c5bc/images/cardiology-healthcaredms-thumb.png]
[www.healthcaredms.com/blog/page/2.html]
[cdn.openviowebsites.com/source/sites/cb9be165-52e4-4095-805e-bd230f69c5bc/css/blog25bf.css]
[www.healthcaredms.com/sites/CB9BE165-52E4-4095-805E-BD230F69C5BC/images/favicon.ico]
[www.healthcaredms.com/blog/top-gynaecologist-in-lucknow-uttar-pradesh.html]
[cdn.openviowebsites.com/source/sites/cb9be165-52e4-4095-805e-bd230f69c5bc/images/top-gynaecologist-in-lucknow-uttar-pradeshd311.png]
[www.healthcaredms.com/blog/top-cardiologist-in-navi-mumbai-maharashtra.html]
[cdn.openviowebsites.com/source/sites/cb9be165-52e4-4095-805e-bd230f69c5bc/images/top-cardiologist-in-navi-mumbai-maharashtra200c.png]
[www.healthcaredms.com/blog/google-ads-optimization-tips-for-cosmetic-services.html]
[cdn.openviowebsites.com/source/sites/cb9be165-52e4-4095-805e-bd230f69c5bc/images/how-to-optimize-google-ads-for-your-cosmetic-services-for-more-qualified-leadsda40.png]
[www.healthcaredms.com/blog/expert-advice-to-train-your-team-in-exceptional-patient-experiences.html]
[cdn.openviowebsites.com/source/sites/cb9be165-52e4-4095-805e-bd230f69c5bc/images/how-to-train-your-team-to-provide-a-smooth-patient-experience39fd.png]
[www.healthcaredms.com/blog/healthcare-website-design-mistakes-to-avoid.html]
[cdn.openviowebsites.com/source/sites/cb9be165-52e4-4095-805e-bd230f69c5bc/images/healthcare-website-design-mistakesc100.jpg]
[www.healthcaredms.com/blog/digital-marketing-doctors-india.html]
[www.healthcaredms.com/Sites/CB9BE165-52E4-4095-805E-BD230F69C5BC/images/Digital-marketing-for-doctors-in-india35ce.jpg]
[www.healthcaredms.com/blog/why-your-healthcare-business-needs-a-website.html]
[www.healthcaredms.com/Sites/CB9BE165-52E4-4095-805E-BD230F69C5BC/images/Importance-of-website-for-healthcare41bf.png]
[www.healthcaredms.com/Sites/CB9BE165-52E4-4095-805E-BD230F69C5BC/images/Hospital-Marketing-Strategies0f7a.png]
[www.healthcaredms.com/blog/seo-for-hospitals.html]
[www.healthcaredms.com/Sites/CB9BE165-52E4-4095-805E-BD230F69C5BC/images/SEO-for-hospital0b76.jpg]
[www.healthcaredms.com/blog/importance-benefits-of-hospital-marketing.html]
[www.healthcaredms.com/Sites/CB9BE165-52E4-4095-805E-BD230F69C5BC/images/Importance-of-hospital-marketing0bac.jpg]
[www.healthcaredms.com/blog/understanding-patient-satisfaction.html]
[www.healthcaredms.com/Sites/CB9BE165-52E4-4095-805E-BD230F69C5BC/images/Patient-satisfactionddde.jpg]
[www.healthcaredms.com/blog/how-to-attract-patients-to-your-clinic-in-2022.html]
[www.healthcaredms.com/Sites/CB9BE165-52E4-4095-805E-BD230F69C5BC/images/How-to-attract-patients-to-your-clinice009.png]
[www.healthcaredms.com/sites/CB9BE165-52E4-4095-805E-BD230F69C5BC/images/eye-checkup-blog-sticky-thumb.png]
[www.healthcaredms.com/blog.html]
[cdn.openviowebsites.com/source/sites/cb9be165-52e4-4095-805e-bd230f69c5bc/images/case-study1-logo.png]
[cdn.openviowebsites.com/source/sites/cb9be165-52e4-4095-805e-bd230f69c5bc/images/case-study2-logo.png]
[www.healthcaredms.com/case-studies.html]
[cdn.openviowebsites.com/source/sites/cb9be165-52e4-4095-805e-bd230f69c5bc/images/case-study3-logo.png]
[www.healthcaredms.com/themes/healthcare-dms/images/contact-banner.webp]
[www.healthcaredms.com/contact-us.html]
[cdn.openviowebsites.com/source/sites/cb9be165-52e4-4095-805e-bd230f69c5bc/images/thank-you-banner.jpg]
[cdn.openviowebsites.com/source/sites/cb9be165-52e4-4095-805e-bd230f69c5bc/images/netralayam-thumb.png]
[cdn.openviowebsites.com/source/sites/cb9be165-52e4-4095-805e-bd230f69c5bc/images/online-reputation-management-case-study.jpg]
[cdn.openviowebsites.com/source/sites/cb9be165-52e4-4095-805e-bd230f69c5bc/images/calls-gmp-profile-graph.jpg]
[cdn.openviowebsites.com/source/sites/cb9be165-52e4-4095-805e-bd230f69c5bc/images/direction-requests-made-by-patients-graph.jpg]
[cdn.openviowebsites.com/source/sites/cb9be165-52e4-4095-805e-bd230f69c5bc/images/netralayam-dashboard-thumb.jpg]
[www.healthcaredms.com/netralayam-achieves-optimum-patient-acquisition-with-healthcaredms.html]
[www.healthcaredms.com/sitemap.html]
[cdn.openviowebsites.com/source/sites/cb9be165-52e4-4095-805e-bd230f69c5bc/images/final-thought-thumb.png]
[cdn.openviowebsites.com/source/sites/cb9be165-52e4-4095-805e-bd230f69c5bc/images/corporate-vision-logo.png]
[cdn.openviowebsites.com/source/sites/cb9be165-52e4-4095-805e-bd230f69c5bc/images/hyderabad-marketing-agency-thumb.png]
[cdn.openviowebsites.com/source/sites/cb9be165-52e4-4095-805e-bd230f69c5bc/images/flying-doctors-logo.png]
[cdn.openviowebsites.com/source/sites/cb9be165-52e4-4095-805e-bd230f69c5bc/images/amish-hospital-logo.png]
[cdn.openviowebsites.com/source/sites/cb9be165-52e4-4095-805e-bd230f69c5bc/images/nanditapalshetkar-logo.png]
[cdn.openviowebsites.com/source/sites/cb9be165-52e4-4095-805e-bd230f69c5bc/images/phe-logo.png]
[cdn.openviowebsites.com/source/sites/cb9be165-52e4-4095-805e-bd230f69c5bc/images/gpclinique-logo.png]
[cdn.openviowebsites.com/source/sites/cb9be165-52e4-4095-805e-bd230f69c5bc/images/madhavi-netralaya-logo.png]
[cdn.openviowebsites.com/source/sites/cb9be165-52e4-4095-805e-bd230f69c5bc/images/case-study-hyderabad.jpg]
[cdn.openviowebsites.com/source/sites/cb9be165-52e4-4095-805e-bd230f69c5bc/images/godaddy.jpg]
[cdn.openviowebsites.com/source/sites/cb9be165-52e4-4095-805e-bd230f69c5bc/images/disrupt-logo.jpg]
[cdn.openviowebsites.com/source/sites/cb9be165-52e4-4095-805e-bd230f69c5bc/images/a-z-media.jpg]
[cdn.openviowebsites.com/source/sites/cb9be165-52e4-4095-805e-bd230f69c5bc/images/award-certificate.jpg]
[www.healthcaredms.com/healthcare-digital-marketing-agency-in-hyderabad.html]
[www.healthcaredms.com/privacy-policy.html]
[www.healthcaredms.com/terms-and-condition.html]
[cdn.openviowebsites.com/source/sites/cb9be165-52e4-4095-805e-bd230f69c5bc/css/owl.video.play.png]
[www.healthcaredms.com/images/doctor-banner.html]
[www.healthcaredms.com/images/digital-marketing-for-dentist-banner.html]
[cdn.openviowebsites.com/source/sites/cb9be165-52e4-4095-805e-bd230f69c5bc/images/815c4ffe-4f12-4e53-8d9a-7122578b3fc1_who-whoose-healthcare-dms-thumb.png]
[cdn.openviowebsites.com/source/sites/cb9be165-52e4-4095-805e-bd230f69c5bc/images/video-poster.jpg]
[www.healthcaredms.com/Sites/CB9BE165-52E4-4095-805E-BD230F69C5BC/images/Hospital-Marketing-Strategies.png]
[www.healthcaredms.com/Sites/CB9BE165-52E4-4095-805E-BD230F69C5BC/images/Healthcare-marketing.png]
[www.healthcaredms.com/Sites/CB9BE165-52E4-4095-805E-BD230F69C5BC/images/8d7cd9a9-3a0f-40bf-ace1-4035cde236ce_Review-Examples.jpg]
[www.healthcaredms.com/Sites/CB9BE165-52E4-4095-805E-BD230F69C5BC/images/Award-Linkedin.jpg]
[www.healthcaredms.com/Sites/CB9BE165-52E4-4095-805E-BD230F69C5BC/images/7bfc0a8b-7e20-4cf7-8a8e-150fa9240f62_analytics.png]
[www.healthcaredms.com/blog/tag/hospital-marketing-ideas-tips.html]
[www.healthcaredms.com/blog/tag/hospital-digital-marketing.html]
[www.healthcaredms.com/blog/tag/marketing-for-hospital-services.html]
[www.healthcaredms.com/blog/tag/hospital-marketing-strategies.html]
[www.healthcaredms.com/blog/author/ajay-prasad.html]
[www.healthcaredms.com/Upload/ProfilePicture/Ajay-Prasad-founder-of-Healthcare-DMS55a3.jpg]
[www.healthcaredms.com/blog/hospital-marketing-ideas-in-india.html]
[www.healthcaredms.com/images/plastic-surgery-banner.html]
[www.healthcaredms.com/images/chiropractic-banner.html]
[www.healthcaredms.com/blog/actionable-social-media-marketing-strategies.html]
[www.healthcaredms.com/Sites/CB9BE165-52E4-4095-805E-BD230F69C5BC/images/6-Social-Media-Strategies-for-Healthcare-Practices6c5a.png]
[www.healthcaredms.com/blog/page/2.html]
[cdn.openviowebsites.com/source/sites/cb9be165-52e4-4095-805e-bd230f69c5bc/css/blog25bf.css]
[www.healthcaredms.com/images/blog-banner.html]
[cdn.openviowebsites.com/source/sites/cb9be165-52e4-4095-805e-bd230f69c5bc/images/top-gynaecologist-in-lucknow-uttar-pradesh.png]
[www.healthcaredms.com/Sites/CB9BE165-52E4-4095-805E-BD230F69C5BC/images/dr-chandrawati-v1.jpg]
[www.healthcaredms.com/Sites/CB9BE165-52E4-4095-805E-BD230F69C5BC/images/dr-sonia-luthra.jpg]
[www.healthcaredms.com/Sites/CB9BE165-52E4-4095-805E-BD230F69C5BC/images/dr-archana-kanodia.jpg]
[www.healthcaredms.com/Sites/CB9BE165-52E4-4095-805E-BD230F69C5BC/images/dr-poonam-mishra.jpg]
[www.healthcaredms.com/blog/tag/gynaecologist.html]
[www.healthcaredms.com/blog/author/healthcare-dms.html]
[www.healthcaredms.com/blog/top-gynaecologist-in-lucknow-uttar-pradesh.html]
[cdn.openviowebsites.com/source/sites/cb9be165-52e4-4095-805e-bd230f69c5bc/images/healthcare-dms-logo-square887f.png]
[cdn.openviowebsites.com/source/sites/cb9be165-52e4-4095-805e-bd230f69c5bc/images/top-cardiologist-in-navi-mumbai-maharashtra.png]
[www.healthcaredms.com/Sites/CB9BE165-52E4-4095-805E-BD230F69C5BC/images/dr-mahesh-ghogare.png]
[www.healthcaredms.com/Sites/CB9BE165-52E4-4095-805E-BD230F69C5BC/images/dr-keshav-kale.png]
[www.healthcaredms.com/Sites/CB9BE165-52E4-4095-805E-BD230F69C5BC/images/dr-kumar-rajeev.png]
[www.healthcaredms.com/Sites/CB9BE165-52E4-4095-805E-BD230F69C5BC/images/dr-sanjeev-kumar-kalkekar.png]
[www.healthcaredms.com/Sites/CB9BE165-52E4-4095-805E-BD230F69C5BC/images/dr-pritish-bagul.png]
[www.healthcaredms.com/blog/top-cardiologist-in-navi-mumbai-maharashtra.html]
[www.healthcaredms.com/blog/tag/cardiologist.html]
[cdn.openviowebsites.com/source/sites/cb9be165-52e4-4095-805e-bd230f69c5bc/images/how-to-optimize-google-ads-for-your-cosmetic-services-for-more-qualified-leads.png]
[www.healthcaredms.com/blog/tag/google-ads-expert.html]
[www.healthcaredms.com/blog/tag/expert-opinion.html]
[www.healthcaredms.com/blog/tag/paid-ads-optimization.html]
[www.healthcaredms.com/blog/tag/cosmetic-service-marketing.html]
[www.healthcaredms.com/blog/author/sangeeta-kumar.html]
[www.healthcaredms.com/Sites/CB9BE165-52E4-4095-805E-BD230F69C5BC/images/sangeeta-kumarb9ee.jpg]
[www.healthcaredms.com/blog/google-ads-optimization-tips-for-cosmetic-services.html]
[cdn.openviowebsites.com/source/sites/cb9be165-52e4-4095-805e-bd230f69c5bc/images/how-to-train-your-team-to-provide-a-smooth-patient-experience.png]
[www.healthcaredms.com/blog/tag/attracting-new-patients.html]
[www.healthcaredms.com/blog/tag/patient-experience.html]
[www.healthcaredms.com/blog/expert-advice-to-train-your-team-in-exceptional-patient-experiences.html]
[www.healthcaredms.com/blog/tag/patient-sentiments.html]
[cdn.openviowebsites.com/source/sites/cb9be165-52e4-4095-805e-bd230f69c5bc/images/healthcare-website-design-mistakes.jpg]
[www.healthcaredms.com/Sites/CB9BE165-52E4-4095-805E-BD230F69C5BC/images/Domain-Name-Mistakes.png]
[www.healthcaredms.com/Sites/CB9BE165-52E4-4095-805E-BD230F69C5BC/images/793de6f8-b2ef-42b2-9665-061d3f4d0c2f_Mobile-Responsiveness-Issue.png]
[www.healthcaredms.com/Sites/CB9BE165-52E4-4095-805E-BD230F69C5BC/images/Loading-Speed-Issues.png]
[www.healthcaredms.com/Sites/CB9BE165-52E4-4095-805E-BD230F69C5BC/images/Instant-Analysis-Tool-Snapshot.png]
[www.healthcaredms.com/blog/healthcare-website-design-mistakes-to-avoid.html]
[www.healthcaredms.com/Sites/CB9BE165-52E4-4095-805E-BD230F69C5BC/images/Digital-marketing-for-doctors-in-india.jpg]
[www.healthcaredms.com/Sites/CB9BE165-52E4-4095-805E-BD230F69C5BC/images/71fb7650-e82b-42c2-87ad-f1c6b7afe070_analytics-data.png]
[www.healthcaredms.com/Sites/CB9BE165-52E4-4095-805E-BD230F69C5BC/images/Facebook-comments.png]
[www.healthcaredms.com/Sites/CB9BE165-52E4-4095-805E-BD230F69C5BC/images/Patient-stories.png]
[www.healthcaredms.com/Sites/CB9BE165-52E4-4095-805E-BD230F69C5BC/images/Paid-ads-campaign.png]
[www.healthcaredms.com/Sites/CB9BE165-52E4-4095-805E-BD230F69C5BC/images/Google-local-map.png]
[www.healthcaredms.com/Sites/CB9BE165-52E4-4095-805E-BD230F69C5BC/images/quora-data.png]
[www.healthcaredms.com/blog/digital-marketing-doctors-india.html]
[www.healthcaredms.com/Sites/CB9BE165-52E4-4095-805E-BD230F69C5BC/images/Importance-of-website-for-healthcare.png]
[www.healthcaredms.com/Sites/CB9BE165-52E4-4095-805E-BD230F69C5BC/images/With-website.png]
[www.healthcaredms.com/Sites/CB9BE165-52E4-4095-805E-BD230F69C5BC/images/Without-website.png]
[www.healthcaredms.com/Sites/CB9BE165-52E4-4095-805E-BD230F69C5BC/images/Smile-Arizona.png]
[www.healthcaredms.com/blog/why-your-healthcare-business-needs-a-website.html]
[www.healthcaredms.com/blog/tag/importance-of-website-for-healthcare.html]
[www.healthcaredms.com/Sites/CB9BE165-52E4-4095-805E-BD230F69C5BC/images/SEO-for-hospital.jpg]
[www.healthcaredms.com/Sites/CB9BE165-52E4-4095-805E-BD230F69C5BC/images/Component-3.png]
[www.healthcaredms.com/Sites/CB9BE165-52E4-4095-805E-BD230F69C5BC/images/b52ca0ca-29f1-43ce-af42-8d6efa8200da_Keywords.png]
[www.healthcaredms.com/Sites/CB9BE165-52E4-4095-805E-BD230F69C5BC/images/Component-4.png]
[www.healthcaredms.com/Sites/CB9BE165-52E4-4095-805E-BD230F69C5BC/images/Local-Citation-Accuracy.png]
[www.healthcaredms.com/Sites/CB9BE165-52E4-4095-805E-BD230F69C5BC/images/2c2cfa0a-17f0-41eb-8e8f-1725b7bb756a_Reviews-2-.png]
[www.healthcaredms.com/Sites/CB9BE165-52E4-4095-805E-BD230F69C5BC/images/Review-Examples.jpg]
[www.healthcaredms.com/Sites/CB9BE165-52E4-4095-805E-BD230F69C5BC/images/NAWC-GMB.png]
[www.healthcaredms.com/Sites/CB9BE165-52E4-4095-805E-BD230F69C5BC/images/Netralayam.png]
[www.healthcaredms.com/Sites/CB9BE165-52E4-4095-805E-BD230F69C5BC/images/p19-SOI-Graph01.jpg]
[www.healthcaredms.com/Sites/CB9BE165-52E4-4095-805E-BD230F69C5BC/images/Analytics-data.png]
[www.healthcaredms.com/Sites/CB9BE165-52E4-4095-805E-BD230F69C5BC/images/Get-My-Free-Analysis.png]
[www.healthcaredms.com/blog/seo-for-hospitals.html]
[www.healthcaredms.com/Sites/CB9BE165-52E4-4095-805E-BD230F69C5BC/images/Importance-of-hospital-marketing.jpg]
[www.healthcaredms.com/Sites/CB9BE165-52E4-4095-805E-BD230F69C5BC/images/34aef5f0-04f9-4dfd-8e6f-890a9ece73d8_analytics.png]
[www.healthcaredms.com/Sites/CB9BE165-52E4-4095-805E-BD230F69C5BC/images/blobid0.png]
[www.healthcaredms.com/Sites/CB9BE165-52E4-4095-805E-BD230F69C5BC/images/organic-traffic.jpg]
[www.healthcaredms.com/Sites/CB9BE165-52E4-4095-805E-BD230F69C5BC/images/Blog-page.jpg]
[www.healthcaredms.com/Sites/CB9BE165-52E4-4095-805E-BD230F69C5BC/images/Tap-to-Call.jpg]
[www.healthcaredms.com/blog/tag/benefits-to-the-hospital-marketing.html]
[www.healthcaredms.com/blog/importance-benefits-of-hospital-marketing.html]
[www.healthcaredms.com/blog/tag/hospital-marketing-importance.html]
[www.healthcaredms.com/Sites/CB9BE165-52E4-4095-805E-BD230F69C5BC/images/Patient-satisfaction.jpg]
[www.healthcaredms.com/blog/understanding-patient-satisfaction.html]
[www.healthcaredms.com/Sites/CB9BE165-52E4-4095-805E-BD230F69C5BC/images/How-to-attract-patients-to-your-clinic.png]
[www.healthcaredms.com/Sites/CB9BE165-52E4-4095-805E-BD230F69C5BC/images/19d58a01-6988-4a73-85a7-8c8e5ad0d57c_Reviews-2-.png]
[www.healthcaredms.com/blog/how-to-attract-patients-to-your-clinic-in-2022.html]
[www.healthcaredms.com/digital-marketing.html]
[www.healthcaredms.com/blog/tag/hospital-marketing-ideas-tips.html]
[www.healthcaredms.com/blog/tag/hospital-digital-marketing.html]
[www.healthcaredms.com/blog/tag/marketing-for-hospital-services.html]
[www.healthcaredms.com/blog/tag/hospital-marketing-strategies.html]
[www.healthcaredms.com/blog/author/ajay-prasad.html]
[www.healthcaredms.com/blog/page/images/blog-banner.html]
[www.healthcaredms.com/Sites/CB9BE165-52E4-4095-805E-BD230F69C5BC/images/6-Social-Media-Strategies-for-Healthcare-Practices.png]
[www.healthcaredms.com/images/tinymce/Number-of-internet-users-in-india.png]
[www.healthcaredms.com/images/tinymce/19206Target-right-audience.jpg]
[www.healthcaredms.com/images/tinymce/provide-info-to-the-patients.png]
[www.healthcaredms.com/images/tinymce/Answer-Questions.png]
[www.healthcaredms.com/blog/actionable-social-media-marketing-strategies.html]
[www.healthcaredms.com/blog/tag/gynaecologist.html]
[www.healthcaredms.com/blog/author/healthcare-dms.html]
[www.healthcaredms.com/blog/tag/cardiologist.html]
[www.healthcaredms.com/blog/tag/google-ads-expert.html]
[www.healthcaredms.com/blog/tag/expert-opinion.html]
[www.healthcaredms.com/blog/tag/paid-ads-optimization.html]
[www.healthcaredms.com/blog/tag/cosmetic-service-marketing.html]
[www.healthcaredms.com/blog/author/sangeeta-kumar.html]
[www.healthcaredms.com/blog/tag/attracting-new-patients.html]
[www.healthcaredms.com/blog/tag/patient-experience.html]
[www.healthcaredms.com/blog/tag/patient-sentiments.html]
[www.healthcaredms.com/blog/tag/importance-of-website-for-healthcare.html]
[www.healthcaredms.com/blog/tag/benefits-to-the-hospital-marketing.html]
[www.healthcaredms.com/blog/tag/hospital-marketing-importance.html]
[www.healthcaredms.com/blog/tag/social-media-actionable-tips.html]
[www.healthcaredms.com/themes/healthcare-dms/images/digital-marketing-banner.webp]
[cdn.openviowebsites.com/source/sites/cb9be165-52e4-4095-805e-bd230f69c5bc/images/digital-marketing-section1-thumb.jpg]
[cdn.openviowebsites.com/source/sites/cb9be165-52e4-4095-805e-bd230f69c5bc/images/healthcare-digital-marketing-thumb.jpg]
[www.healthcaredms.com/digital-marketing.html]
[www.healthcaredms.com/blog/tag/images/blog-banner.html]
[www.healthcaredms.com/blog/author/images/blog-banner.html]
[www.healthcaredms.com/blog/tag/social-media-actionable-tips.html]
[cdn.openviowebsites.com/source/sites/cb9be165-52e4-4095-805e-bd230f69c5bc/images/healthcare-dms-for-digital-marketing-thumb.jpg]
